{
  _type: 'element',
  tags: null,
  links: null,
  viewOf: 'travelManager',
  _stage: 'layouted',
  sourcePath: 'workspace.c4',
  description: {
    txt: 'Runtime architecture: 6 microservices on GKE, each with its own DB, connected via Pub/Sub.',
  },
  title: 'Level 2 – Containers (Microservices)',
  id: 'containers',
  autoLayout: {
    direction: 'LR',
  },
  hash: 'Vn1LJFXsSp9IY4w97cZwVDF59SEHorG5XI6jLeXuKXU',
  bounds: {
    x: 1,
    y: -69,
    width: 4272,
    height: 3259,
  },
  nodes: [
    {
      id: 'destinationMgr',
      parent: null,
      level: 0,
      children: [],
      inEdges: [],
      outEdges: [
        'ocfxn',
      ],
      title: 'Destination Manager',
      modelRef: 'destinationMgr',
      shape: 'person',
      color: 'blue',
      style: {
        opacity: 15,
        size: 'md',
      },
      description: {
        txt: 'B2B partner. Manages destination services and accesses aggregated traveler data.',
      },
      tags: [],
      kind: 'actor',
      x: 21,
      y: 0,
      width: 355,
      height: 180,
      labelBBox: {
        x: 19,
        y: 56,
        width: 319,
        height: 65,
      },
      navigateTo: null,
      links: null,
    },
    {
      id: 'travelManager.notificationService',
      parent: null,
      level: 0,
      children: [],
      inEdges: [],
      outEdges: [
        '1yq00a8',
        'twv791',
        '9r6hqz',
      ],
      title: 'Notification Service',
      modelRef: 'travelManager.notificationService',
      shape: 'component',
      color: 'green',
      style: {
        opacity: 15,
        size: 'md',
      },
      description: {
        txt: 'Consumes events from Pub/Sub. Delivers email and push notifications.',
      },
      tags: [],
      technology: 'Node.js / Worker',
      kind: 'asyncWorker',
      navigateTo: 'notifSvc',
      x: 2592,
      y: 15,
      width: 398,
      height: 180,
      labelBBox: {
        x: 38,
        y: 46,
        width: 322,
        height: 85,
      },
      links: null,
    },
    {
      id: 'traveler',
      parent: null,
      level: 0,
      children: [],
      inEdges: [
        '1yq00a8',
      ],
      outEdges: [
        '2m46oc',
      ],
      title: 'Traveler',
      modelRef: 'traveler',
      shape: 'person',
      color: 'blue',
      style: {
        opacity: 15,
        size: 'md',
      },
      description: {
        txt: 'Plans, manages and shares trips. Receives travel alerts and personalized feed.',
      },
      tags: [],
      kind: 'actor',
      x: 685,
      y: 1036,
      width: 328,
      height: 180,
      labelBBox: {
        x: 18,
        y: 56,
        width: 292,
        height: 65,
      },
      navigateTo: null,
      links: null,
    },
    {
      id: 'sendGrid',
      parent: null,
      level: 0,
      children: [],
      inEdges: [
        '9r6hqz',
      ],
      outEdges: [],
      title: 'SendGrid',
      modelRef: 'sendGrid',
      shape: 'rectangle',
      color: 'secondary',
      style: {
        opacity: 15,
        size: 'md',
      },
      description: {
        txt: 'Transactional email delivery.',
      },
      tags: [],
      technology: 'SMTP / HTTPS',
      kind: 'external',
      x: 689,
      y: 478,
      width: 320,
      height: 180,
      labelBBox: {
        x: 63,
        y: 55,
        width: 194,
        height: 67,
      },
      navigateTo: null,
      links: null,
    },
    {
      id: 'travelManager.spaFrontend',
      parent: null,
      level: 0,
      children: [],
      inEdges: [
        '2m46oc',
      ],
      outEdges: [
        'ivr8x2',
      ],
      title: 'Frontend SPA',
      modelRef: 'travelManager.spaFrontend',
      shape: 'browser',
      color: 'sky',
      style: {
        opacity: 15,
        size: 'md',
      },
      description: {
        txt: 'Nuxt 3 single-page application. All API traffic routed through the API Gateway.',
      },
      tags: [],
      technology: 'Nuxt 3 / Vue 3',
      kind: 'spa',
      navigateTo: 'frontend',
      x: 1287,
      y: 1545,
      width: 320,
      height: 180,
      labelBBox: {
        x: 29,
        y: 46,
        width: 263,
        height: 85,
      },
      links: null,
    },
    {
      id: 'travelManager.apiGateway',
      parent: null,
      level: 0,
      children: [],
      inEdges: [
        'ocfxn',
        'ivr8x2',
      ],
      outEdges: [
        '1v0i35y',
        '1iab9ig',
        'mnnzbf',
        'rky46k',
        '7cheqp',
        '1bl240y',
      ],
      title: 'API Gateway',
      modelRef: 'travelManager.apiGateway',
      shape: 'rectangle',
      color: 'sky',
      style: {
        opacity: 15,
        size: 'md',
      },
      description: {
        txt: 'Single entry point. Validates Firebase JWT, enforces SaaS plan rate limits, routes to downstream services.',
      },
      tags: [],
      technology: 'Kong / Cloud Endpoints',
      kind: 'service',
      x: 1867,
      y: 1202,
      width: 327,
      height: 180,
      labelBBox: {
        x: 18,
        y: 37,
        width: 292,
        height: 103,
      },
      navigateTo: null,
      links: null,
    },
    {
      id: 'travelManager.userService',
      parent: null,
      level: 0,
      children: [],
      inEdges: [
        '1v0i35y',
      ],
      outEdges: [
        '1debg1d',
        'eg6s4u',
      ],
      title: 'User Service',
      modelRef: 'travelManager.userService',
      shape: 'rectangle',
      color: 'sky',
      style: {
        opacity: 15,
        size: 'md',
      },
      description: {
        txt: 'User accounts and profiles. Upserts users on first Firebase login.',
      },
      tags: [],
      technology: 'Node.js / Nitro',
      kind: 'service',
      navigateTo: 'userSvc',
      x: 2554,
      y: 1842,
      width: 339,
      height: 180,
      labelBBox: {
        x: 18,
        y: 46,
        width: 303,
        height: 85,
      },
      links: null,
    },
    {
      id: 'travelManager.destinationService',
      parent: null,
      level: 0,
      children: [],
      inEdges: [
        'mnnzbf',
      ],
      outEdges: [
        '1vh696z',
      ],
      title: 'Destination Service',
      modelRef: 'travelManager.destinationService',
      shape: 'rectangle',
      color: 'sky',
      style: {
        opacity: 15,
        size: 'md',
      },
      description: {
        txt: 'Manages destinations, routes, transport and accommodation. Provides B2B data access.',
      },
      tags: [],
      technology: 'Node.js / Nitro',
      kind: 'service',
      navigateTo: 'destSvc',
      x: 2557,
      y: 2461,
      width: 333,
      height: 180,
      labelBBox: {
        x: 18,
        y: 46,
        width: 298,
        height: 85,
      },
      links: null,
    },
    {
      id: 'travelManager.socialService',
      parent: null,
      level: 0,
      children: [],
      inEdges: [
        'rky46k',
      ],
      outEdges: [
        '5f1klf',
        'iia5pt',
      ],
      title: 'Social Service',
      modelRef: 'travelManager.socialService',
      shape: 'component',
      color: 'green',
      style: {
        opacity: 15,
        size: 'md',
      },
      description: {
        txt: 'Builds personalized live feeds and newsletters by consuming trip events asynchronously.',
      },
      tags: [],
      technology: 'Node.js / Worker',
      kind: 'asyncWorker',
      navigateTo: 'socialSvc',
      x: 2559,
      y: 2751,
      width: 330,
      height: 180,
      labelBBox: {
        x: 40,
        y: 37,
        width: 250,
        height: 103,
      },
      links: null,
    },
    {
      id: 'travelManager.travelInfoService',
      parent: null,
      level: 0,
      children: [],
      inEdges: [
        '7cheqp',
      ],
      outEdges: [
        '1qbof43',
        'i9r1q',
        '5jxoq9',
        '1mjfpmt',
        '1s8tcdg',
      ],
      title: 'Travel Info Service',
      modelRef: 'travelManager.travelInfoService',
      shape: 'component',
      color: 'green',
      style: {
        opacity: 15,
        size: 'md',
      },
      description: {
        txt: 'Polls travel warnings and weather, diffs against active trip plans, publishes alerts.',
      },
      tags: [],
      technology: 'Node.js / Worker',
      kind: 'asyncWorker',
      navigateTo: 'travelInfoSvc',
      x: 2493,
      y: 1036,
      width: 353,
      height: 180,
      labelBBox: {
        x: 38,
        y: 46,
        width: 277,
        height: 85,
      },
      links: null,
    },
    {
      id: 'travelManager.userDB',
      parent: null,
      level: 0,
      children: [],
      inEdges: [
        '1debg1d',
      ],
      outEdges: [],
      title: 'User DB',
      modelRef: 'travelManager.userDB',
      shape: 'cylinder',
      color: 'green',
      style: {
        opacity: 15,
        size: 'md',
      },
      description: {
        txt: 'User profiles and account data.',
      },
      tags: [],
      technology: 'PostgreSQL 16',
      kind: 'database',
      x: 3226,
      y: 1837,
      width: 320,
      height: 180,
      labelBBox: {
        x: 54,
        y: 55,
        width: 212,
        height: 67,
      },
      navigateTo: null,
      links: null,
    },
    {
      id: 'firebase',
      parent: null,
      level: 0,
      children: [],
      inEdges: [
        '1bl240y',
        'eg6s4u',
      ],
      outEdges: [],
      title: 'Firebase Auth',
      modelRef: 'firebase',
      shape: 'rectangle',
      color: 'secondary',
      style: {
        opacity: 15,
        size: 'md',
      },
      description: {
        txt: 'Google identity platform. Email/password and Google OAuth. Issues signed JWT tokens.',
      },
      tags: [],
      technology: 'Firebase',
      kind: 'external',
      x: 3250,
      y: 2180,
      width: 341,
      height: 180,
      labelBBox: {
        x: 18,
        y: 46,
        width: 306,
        height: 85,
      },
      navigateTo: null,
      links: null,
    },
    {
      id: 'travelManager.destDB',
      parent: null,
      level: 0,
      children: [],
      inEdges: [
        '1vh696z',
      ],
      outEdges: [],
      title: 'Destination DB',
      modelRef: 'travelManager.destDB',
      shape: 'cylinder',
      color: 'green',
      style: {
        opacity: 15,
        size: 'md',
      },
      description: {
        txt: 'Destinations, routes, transport and accommodation options.',
      },
      tags: [],
      technology: 'PostgreSQL 16',
      kind: 'database',
      x: 3254,
      y: 2441,
      width: 320,
      height: 180,
      labelBBox: {
        x: 43,
        y: 46,
        width: 233,
        height: 85,
      },
      navigateTo: null,
      links: null,
    },
    {
      id: 'travelManager.socialDB',
      parent: null,
      level: 0,
      children: [],
      inEdges: [
        'iia5pt',
      ],
      outEdges: [],
      title: 'Social DB',
      modelRef: 'travelManager.socialDB',
      shape: 'cylinder',
      color: 'green',
      style: {
        opacity: 15,
        size: 'md',
      },
      description: {
        txt: 'Feed entries, follow graph and newsletter log.',
      },
      tags: [],
      technology: 'PostgreSQL 16',
      kind: 'database',
      x: 3258,
      y: 2751,
      width: 320,
      height: 180,
      labelBBox: {
        x: 21,
        y: 46,
        width: 278,
        height: 85,
      },
      navigateTo: null,
      links: null,
    },
    {
      id: 'travelManager.tripService',
      parent: null,
      level: 0,
      children: [],
      inEdges: [
        '1iab9ig',
        '1qbof43',
      ],
      outEdges: [
        'q7xkqv',
        '1up4ygh',
      ],
      title: 'Trip Service',
      modelRef: 'travelManager.tripService',
      shape: 'rectangle',
      color: 'sky',
      style: {
        opacity: 15,
        size: 'md',
      },
      description: {
        txt: 'Core trip management: trips, locations, travel plans, reviews and likes.',
      },
      tags: [],
      technology: 'Node.js / Nitro',
      kind: 'service',
      navigateTo: 'tripSvc',
      x: 3258,
      y: 478,
      width: 320,
      height: 180,
      labelBBox: {
        x: 29,
        y: 46,
        width: 262,
        height: 85,
      },
      links: null,
    },
    {
      id: 'travelManager.travelInfoDB',
      parent: null,
      level: 0,
      children: [],
      inEdges: [
        '5jxoq9',
      ],
      outEdges: [],
      title: 'Travel Info DB',
      modelRef: 'travelManager.travelInfoDB',
      shape: 'cylinder',
      color: 'green',
      style: {
        opacity: 15,
        size: 'md',
      },
      description: {
        txt: 'Cached warnings, weather snapshots and alert log.',
      },
      tags: [],
      technology: 'PostgreSQL 16',
      kind: 'database',
      x: 3242,
      y: 768,
      width: 352,
      height: 180,
      labelBBox: {
        x: 18,
        y: 46,
        width: 317,
        height: 85,
      },
      navigateTo: null,
      links: null,
    },
    {
      id: 'warningsApi',
      parent: null,
      level: 0,
      children: [],
      inEdges: [
        '1mjfpmt',
      ],
      outEdges: [],
      title: 'Travel Warnings API',
      modelRef: 'warningsApi',
      shape: 'rectangle',
      color: 'secondary',
      style: {
        opacity: 15,
        size: 'md',
      },
      description: {
        txt: 'Official government travel warning feeds (e.g. Auswärtiges Amt, FCDO).',
      },
      tags: [],
      technology: 'REST API',
      kind: 'external',
      x: 3258,
      y: 1058,
      width: 320,
      height: 180,
      labelBBox: {
        x: 24,
        y: 46,
        width: 272,
        height: 85,
      },
      navigateTo: null,
      links: null,
    },
    {
      id: 'weatherApi',
      parent: null,
      level: 0,
      children: [],
      inEdges: [
        '1s8tcdg',
      ],
      outEdges: [],
      title: 'Weather API',
      modelRef: 'weatherApi',
      shape: 'rectangle',
      color: 'secondary',
      style: {
        opacity: 15,
        size: 'md',
      },
      description: {
        txt: 'Third-party weather data provider (e.g. OpenWeatherMap).',
      },
      tags: [],
      technology: 'REST API',
      kind: 'external',
      x: 3258,
      y: 1348,
      width: 320,
      height: 180,
      labelBBox: {
        x: 30,
        y: 46,
        width: 260,
        height: 85,
      },
      navigateTo: null,
      links: null,
    },
    {
      id: 'travelManager.messageBus',
      parent: null,
      level: 0,
      children: [],
      inEdges: [
        'q7xkqv',
        '5f1klf',
        'i9r1q',
        'twv791',
      ],
      outEdges: [],
      title: 'Message Bus',
      modelRef: 'travelManager.messageBus',
      shape: 'queue',
      color: 'amber',
      style: {
        opacity: 15,
        size: 'md',
      },
      description: {
        txt: 'Topics: TripCreated, TripUpdated, TravelAlert, NewsletterReady.',
      },
      tags: [],
      technology: 'GCP Pub/Sub',
      kind: 'queue',
      x: 3933,
      y: 1171,
      width: 320,
      height: 172,
      labelBBox: {
        x: 44,
        y: 42,
        width: 231,
        height: 85,
      },
      navigateTo: null,
      links: null,
    },
    {
      id: 'travelManager.tripDB',
      parent: null,
      level: 0,
      children: [],
      inEdges: [
        '1up4ygh',
      ],
      outEdges: [],
      title: 'Trip DB',
      modelRef: 'travelManager.tripDB',
      shape: 'cylinder',
      color: 'green',
      style: {
        opacity: 15,
        size: 'md',
      },
      description: {
        txt: 'Trips, locations, travel plans, reviews and likes.',
      },
      tags: [],
      technology: 'PostgreSQL 16',
      kind: 'database',
      x: 3770,
      y: 487,
      width: 320,
      height: 180,
      labelBBox: {
        x: 21,
        y: 46,
        width: 278,
        height: 85,
      },
      navigateTo: null,
      links: null,
    },
  ],
  edges: [
    {
      id: 'ocfxn',
      parent: null,
      source: 'destinationMgr',
      target: 'travelManager.apiGateway',
      label: 'Accesses B2B data API',
      relations: [
        '14dhzk8',
      ],
      color: 'gray',
      line: 'dashed',
      head: 'normal',
      technology: 'HTTPS / JSON',
      points: [
        [
          377,
          67,
        ],
        [
          597,
          48,
        ],
        [
          975,
          49,
        ],
        [
          1227,
          229,
        ],
        [
          1797,
          635,
        ],
        [
          2009,
          1533,
        ],
        [
          2066,
          1832,
        ],
      ],
      labelBBox: {
        x: 1061,
        y: -49,
        width: 152,
        height: 39,
      },
      controlPoints: [
        {
          x: 781,
          y: -26,
        },
        {
          x: 1800,
          y: 618,
        },
      ],
      navigateTo: null,
      tags: null,
    },
    {
      id: '2m46oc',
      parent: null,
      source: 'traveler',
      target: 'travelManager.spaFrontend',
      label: 'Uses web app',
      relations: [
        'q5ro4g',
      ],
      color: 'gray',
      line: 'dashed',
      head: 'normal',
      technology: 'HTTPS',
      points: [
        [
          916,
          1216,
        ],
        [
          1029,
          1368,
        ],
        [
          1257,
          1676,
        ],
        [
          1374,
          1834,
        ],
      ],
      labelBBox: {
        x: 1104,
        y: 1283,
        width: 93,
        height: 39,
      },
      controlPoints: [
        {
          x: 1328,
          y: 1534,
        },
      ],
      navigateTo: null,
      tags: null,
    },
    {
      id: 'ivr8x2',
      parent: null,
      source: 'travelManager.spaFrontend',
      target: 'travelManager.apiGateway',
      label: 'All API calls with Bearer token',
      relations: [
        '1kh9s4',
      ],
      color: 'gray',
      line: 'dashed',
      head: 'normal',
      technology: 'HTTPS / JSON',
      points: [
        [
          1607,
          1932,
        ],
        [
          1699,
          1932,
        ],
        [
          1815,
          1932,
        ],
        [
          1910,
          1932,
        ],
      ],
      labelBBox: {
        x: 1649,
        y: 1483,
        width: 191,
        height: 39,
      },
      controlPoints: [
        {
          x: 1731,
          y: 1467,
        },
      ],
      navigateTo: null,
      tags: null,
    },
    {
      id: '1v0i35y',
      parent: null,
      source: 'travelManager.apiGateway',
      target: 'travelManager.userService',
      label: 'Route /users/*',
      relations: [
        'zm6bul',
      ],
      color: 'gray',
      line: 'dashed',
      head: 'normal',
      technology: 'HTTPS / JSON',
      points: [
        [
          2248,
          1932,
        ],
        [
          2338,
          1932,
        ],
        [
          2451,
          1932,
        ],
        [
          2544,
          1932,
        ],
      ],
      labelBBox: {
        x: 2316,
        y: 1514,
        width: 99,
        height: 39,
      },
      controlPoints: [
        {
          x: 2366,
          y: 1602,
        },
      ],
      navigateTo: null,
      tags: null,
    },
    {
      id: '1iab9ig',
      parent: null,
      source: 'travelManager.apiGateway',
      target: 'travelManager.tripService',
      label: 'Route /trips/*, /locations/*, \n/reviews/*, /likes/*, /travel-plans/*',
      relations: [
        'irlods',
      ],
      color: 'gray',
      line: 'dashed',
      head: 'normal',
      technology: 'HTTPS / JSON',
      points: [
        [
          2117,
          1842,
        ],
        [
          2208,
          1605,
        ],
        [
          2489,
          959,
        ],
        [
          2961,
          675,
        ],
        [
          3047,
          623,
        ],
        [
          3157,
          596,
        ],
        [
          3248,
          582,
        ],
      ],
      labelBBox: {
        x: 2603,
        y: 455,
        width: 207,
        height: 56,
      },
      controlPoints: [
        {
          x: 2362,
          y: 866,
        },
        {
          x: 3094,
          y: 528,
        },
      ],
      navigateTo: null,
      tags: null,
    },
    {
      id: 'mnnzbf',
      parent: null,
      source: 'travelManager.apiGateway',
      target: 'travelManager.destinationService',
      label: 'Route /destinations/*, /b2b/*',
      relations: [
        'xu7v6',
      ],
      color: 'gray',
      line: 'dashed',
      head: 'normal',
      technology: 'HTTPS / JSON',
      points: [
        [
          2111,
          2022,
        ],
        [
          2143,
          2118,
        ],
        [
          2206,
          2271,
        ],
        [
          2308,
          2367,
        ],
        [
          2375,
          2430,
        ],
        [
          2467,
          2474,
        ],
        [
          2547,
          2503,
        ],
      ],
      labelBBox: {
        x: 2281,
        y: 1997,
        width: 178,
        height: 39,
      },
      controlPoints: [
        {
          x: 2145,
          y: 1736,
        },
        {
          x: 2404,
          y: 2239,
        },
      ],
      navigateTo: null,
      tags: null,
    },
    {
      id: 'rky46k',
      parent: null,
      source: 'travelManager.apiGateway',
      target: 'travelManager.socialService',
      label: 'Route /feed',
      relations: [
        '1cgz8ky',
      ],
      color: 'gray',
      line: 'dashed',
      head: 'normal',
      technology: 'HTTPS / JSON',
      points: [
        [
          2100,
          2022,
        ],
        [
          2124,
          2150,
        ],
        [
          2184,
          2386,
        ],
        [
          2308,
          2548,
        ],
        [
          2372,
          2632,
        ],
        [
          2467,
          2702,
        ],
        [
          2550,
          2752,
        ],
      ],
      labelBBox: {
        x: 2324,
        y: 2223,
        width: 99,
        height: 39,
      },
      controlPoints: [
        {
          x: 2128,
          y: 1819,
        },
        {
          x: 2405,
          y: 2477,
        },
      ],
      navigateTo: null,
      tags: null,
    },
    {
      id: '7cheqp',
      parent: null,
      source: 'travelManager.apiGateway',
      target: 'travelManager.travelInfoService',
      label: 'Route /alerts',
      relations: [
        'erx8ym',
      ],
      color: 'gray',
      line: 'dashed',
      head: 'normal',
      technology: 'HTTPS / JSON',
      points: [
        [
          2175,
          1842,
        ],
        [
          2294,
          1723,
        ],
        [
          2503,
          1513,
        ],
        [
          2626,
          1390,
        ],
      ],
      labelBBox: {
        x: 2301,
        y: 1134,
        width: 99,
        height: 39,
      },
      controlPoints: [
        {
          x: 2341,
          y: 1209,
        },
      ],
      navigateTo: null,
      tags: null,
    },
    {
      id: '1qbof43',
      parent: null,
      source: 'travelManager.travelInfoService',
      target: 'travelManager.tripService',
      label: 'GET active travel plans for diff',
      relations: [
        'tjw33n',
      ],
      color: 'gray',
      line: 'dashed',
      head: 'normal',
      technology: 'HTTPS / JSON',
      points: [
        [
          2775,
          1203,
        ],
        [
          2819,
          1129,
        ],
        [
          2887,
          1022,
        ],
        [
          2961,
          941,
        ],
        [
          3057,
          835,
        ],
        [
          3183,
          734,
        ],
        [
          3279,
          664,
        ],
      ],
      labelBBox: {
        x: 2953,
        y: 635,
        width: 192,
        height: 39,
      },
      controlPoints: [
        {
          x: 2815,
          y: 948,
        },
        {
          x: 3100,
          y: 728,
        },
      ],
      navigateTo: null,
      tags: null,
    },
    {
      id: '1yq00a8',
      parent: null,
      source: 'travelManager.notificationService',
      target: 'traveler',
      label: 'Push notification / email',
      relations: [
        '1nmp9op',
      ],
      color: 'amber',
      line: 'dashed',
      head: 'normal',
      kind: 'async',
      points: [
        [
          290,
          564,
        ],
        [
          411,
          686,
        ],
        [
          627,
          903,
        ],
        [
          751,
          1029,
        ],
      ],
      labelBBox: {
        x: 2042,
        y: 495,
        width: 152,
        height: 18,
      },
      controlPoints: [
        {
          x: 2158,
          y: 437,
        },
      ],
      navigateTo: null,
      tags: null,
    },
    {
      id: 'q7xkqv',
      parent: null,
      source: 'travelManager.tripService',
      target: 'travelManager.messageBus',
      label: 'Publish TripCreated / TripUpdated',
      relations: [
        '1jfgk9o',
      ],
      color: 'amber',
      line: 'dashed',
      head: 'normal',
      kind: 'async',
      points: [
        [
          3532,
          658,
        ],
        [
          3553,
          676,
        ],
        [
          3575,
          694,
        ],
        [
          3594,
          713,
        ],
        [
          3751,
          862,
        ],
        [
          3918,
          1052,
        ],
        [
          4013,
          1163,
        ],
      ],
      labelBBox: {
        x: 3655,
        y: 761,
        width: 216,
        height: 18,
      },
      controlPoints: null,
      navigateTo: null,
      tags: null,
    },
    {
      id: '5f1klf',
      parent: null,
      source: 'travelManager.socialService',
      target: 'travelManager.messageBus',
      label: '[...]',
      relations: [
        '1wbzunt',
        '19f9tlq',
      ],
      color: 'amber',
      line: 'dashed',
      head: 'normal',
      kind: 'async',
      points: [
        [
          2869,
          2931,
        ],
        [
          3055,
          3034,
        ],
        [
          3381,
          3170,
        ],
        [
          3594,
          3009,
        ],
        [
          3868,
          2802,
        ],
        [
          4035,
          1689,
        ],
        [
          4080,
          1353,
        ],
      ],
      labelBBox: {
        x: 3405,
        y: 2985,
        width: 25,
        height: 18,
      },
      controlPoints: null,
      navigateTo: null,
      tags: null,
    },
    {
      id: 'i9r1q',
      parent: null,
      source: 'travelManager.travelInfoService',
      target: 'travelManager.messageBus',
      label: 'Publish TravelAlert',
      relations: [
        '1cqnwnm',
      ],
      color: 'amber',
      line: 'dashed',
      head: 'normal',
      kind: 'async',
      points: [
        [
          2833,
          1383,
        ],
        [
          2932,
          1459,
        ],
        [
          3087,
          1563,
        ],
        [
          3242,
          1606,
        ],
        [
          3393,
          1648,
        ],
        [
          3445,
          1653,
        ],
        [
          3594,
          1606,
        ],
        [
          3753,
          1556,
        ],
        [
          3905,
          1435,
        ],
        [
          3998,
          1350,
        ],
      ],
      labelBBox: {
        x: 3327,
        y: 1493,
        width: 121,
        height: 18,
      },
      controlPoints: [
        {
          x: 2973,
          y: 1373,
        },
        {
          x: 3391,
          y: 1555,
        },
        {
          x: 3809,
          y: 1456,
        },
      ],
      navigateTo: null,
      tags: null,
    },
    {
      id: 'twv791',
      parent: null,
      source: 'travelManager.notificationService',
      target: 'travelManager.messageBus',
      label: 'Subscribe TravelAlert, NewsletterReady',
      relations: [
        '13kl4yy',
      ],
      color: 'amber',
      line: 'dashed',
      head: 'normal',
      kind: 'async',
      points: [
        [
          398,
          398,
        ],
        [
          525,
          356,
        ],
        [
          694,
          312,
        ],
        [
          848,
          312,
        ],
        [
          848,
          312,
        ],
        [
          848,
          312,
        ],
        [
          3419,
          312,
        ],
        [
          3637,
          312,
        ],
        [
          3728,
          335,
        ],
        [
          3873,
          498,
        ],
        [
          3939,
          572,
        ],
        [
          3906,
          618,
        ],
        [
          3933,
          713,
        ],
        [
          3978,
          870,
        ],
        [
          4031,
          1053,
        ],
        [
          4063,
          1161,
        ],
      ],
      labelBBox: {
        x: 3496,
        y: 74,
        width: 252,
        height: 18,
      },
      controlPoints: [
        {
          x: 2976,
          y: 4,
        },
        {
          x: 3192,
          y: 26,
        },
        {
          x: 4134,
          y: 283,
        },
        {
          x: 4165,
          y: 592,
        },
        {
          x: 4124,
          y: 939,
        },
      ],
      navigateTo: null,
      tags: null,
    },
    {
      id: '1debg1d',
      parent: null,
      source: 'travelManager.userService',
      target: 'travelManager.userDB',
      label: 'Read / Write',
      relations: [
        '1meka0d',
      ],
      color: 'gray',
      line: 'dashed',
      head: 'normal',
      technology: 'node-postgres',
      points: [
        [
          2893,
          1941,
        ],
        [
          3001,
          1948,
        ],
        [
          3139,
          1955,
        ],
        [
          3247,
          1961,
        ],
      ],
      labelBBox: {
        x: 3010,
        y: 1884,
        width: 94,
        height: 38,
      },
      controlPoints: [
        {
          x: 3129,
          y: 1927,
        },
      ],
      navigateTo: null,
      tags: null,
    },
    {
      id: '1up4ygh',
      parent: null,
      source: 'travelManager.tripService',
      target: 'travelManager.tripDB',
      label: 'Read / Write',
      relations: [
        '1n2b5ho',
      ],
      color: 'gray',
      line: 'dashed',
      head: 'normal',
      technology: 'node-postgres',
      points: [
        [
          3578,
          568,
        ],
        [
          3681,
          568,
        ],
        [
          3816,
          568,
        ],
        [
          3921,
          568,
        ],
      ],
      labelBBox: {
        x: 3644,
        y: 529,
        width: 94,
        height: 39,
      },
      controlPoints: [
        {
          x: 3668,
          y: 572,
        },
      ],
      navigateTo: null,
      tags: null,
    },
    {
      id: '1vh696z',
      parent: null,
      source: 'travelManager.destinationService',
      target: 'travelManager.destDB',
      label: 'Read / Write',
      relations: [
        '10zque1',
      ],
      color: 'gray',
      line: 'dashed',
      head: 'normal',
      technology: 'node-postgres',
      points: [
        [
          2891,
          2551,
        ],
        [
          2998,
          2551,
        ],
        [
          3138,
          2551,
        ],
        [
          3247,
          2551,
        ],
      ],
      labelBBox: {
        x: 3022,
        y: 2500,
        width: 94,
        height: 39,
      },
      controlPoints: [
        {
          x: 3066,
          y: 2541,
        },
      ],
      navigateTo: null,
      tags: null,
    },
    {
      id: 'iia5pt',
      parent: null,
      source: 'travelManager.socialService',
      target: 'travelManager.socialDB',
      label: 'Read / Write',
      relations: [
        're7bya',
      ],
      color: 'gray',
      line: 'dashed',
      head: 'normal',
      technology: 'node-postgres',
      points: [
        [
          2889,
          2841,
        ],
        [
          2997,
          2841,
        ],
        [
          3138,
          2841,
        ],
        [
          3247,
          2841,
        ],
      ],
      labelBBox: {
        x: 3024,
        y: 2799,
        width: 94,
        height: 39,
      },
      controlPoints: null,
      navigateTo: null,
      tags: null,
    },
    {
      id: '5jxoq9',
      parent: null,
      source: 'travelManager.travelInfoService',
      target: 'travelManager.travelInfoDB',
      label: 'Read / Write',
      relations: [
        'f0l548',
      ],
      color: 'gray',
      line: 'dashed',
      head: 'normal',
      technology: 'node-postgres',
      points: [
        [
          2868,
          1203,
        ],
        [
          2985,
          1129,
        ],
        [
          3151,
          1025,
        ],
        [
          3270,
          951,
        ],
      ],
      labelBBox: {
        x: 2998,
        y: 888,
        width: 94,
        height: 39,
      },
      controlPoints: [
        {
          x: 3040,
          y: 992,
        },
      ],
      navigateTo: null,
      tags: null,
    },
    {
      id: '1bl240y',
      parent: null,
      source: 'travelManager.apiGateway',
      target: 'firebase',
      label: 'Validate JWT',
      relations: [
        '13okfjs',
      ],
      color: 'gray',
      line: 'dashed',
      head: 'normal',
      technology: 'Firebase Admin SDK',
      points: [
        [
          2248,
          2009,
        ],
        [
          2335,
          2047,
        ],
        [
          2445,
          2092,
        ],
        [
          2547,
          2120,
        ],
        [
          2781,
          2186,
        ],
        [
          3059,
          2224,
        ],
        [
          3237,
          2244,
        ],
      ],
      labelBBox: {
        x: 2629,
        y: 1717,
        width: 129,
        height: 39,
      },
      controlPoints: [
        {
          x: 2350,
          y: 1584,
        },
        {
          x: 2894,
          y: 1968,
        },
      ],
      navigateTo: null,
      tags: null,
    },
    {
      id: 'eg6s4u',
      parent: null,
      source: 'travelManager.userService',
      target: 'firebase',
      label: 'Upsert user on first login',
      relations: [
        'vm7ity',
      ],
      color: 'gray',
      line: 'dashed',
      head: 'normal',
      technology: 'Firebase Admin SDK',
      points: [
        [
          2893,
          2012,
        ],
        [
          2998,
          2062,
        ],
        [
          3132,
          2125,
        ],
        [
          3238,
          2176,
        ],
      ],
      labelBBox: {
        x: 2994,
        y: 2009,
        width: 156,
        height: 38,
      },
      controlPoints: [
        {
          x: 3018,
          y: 2074,
        },
      ],
      navigateTo: null,
      tags: null,
    },
    {
      id: '1mjfpmt',
      parent: null,
      source: 'travelManager.travelInfoService',
      target: 'warningsApi',
      label: 'Poll travel warnings (scheduled)',
      relations: [
        'h7i4qj',
      ],
      color: 'amber',
      line: 'dashed',
      head: 'normal',
      kind: 'async',
      points: [
        [
          2901,
          1256,
        ],
        [
          3007,
          1234,
        ],
        [
          3143,
          1205,
        ],
        [
          3248,
          1183,
        ],
      ],
      labelBBox: {
        x: 2936,
        y: 1072,
        width: 202,
        height: 18,
      },
      controlPoints: [
        {
          x: 3084,
          y: 1137,
        },
      ],
      navigateTo: null,
      tags: null,
    },
    {
      id: '1s8tcdg',
      parent: null,
      source: 'travelManager.travelInfoService',
      target: 'weatherApi',
      label: 'Poll weather forecasts (scheduled)',
      relations: [
        '1rfrodx',
      ],
      color: 'amber',
      line: 'dashed',
      head: 'normal',
      kind: 'async',
      points: [
        [
          2901,
          1330,
        ],
        [
          3007,
          1352,
        ],
        [
          3143,
          1381,
        ],
        [
          3248,
          1403,
        ],
      ],
      labelBBox: {
        x: 2926,
        y: 1211,
        width: 219,
        height: 18,
      },
      controlPoints: [
        {
          x: 3084,
          y: 1298,
        },
      ],
      navigateTo: null,
      tags: null,
    },
    {
      id: '9r6hqz',
      parent: null,
      source: 'travelManager.notificationService',
      target: 'sendGrid',
      label: 'Send transactional emails',
      relations: [
        'a02jpf',
      ],
      color: 'amber',
      line: 'dashed',
      head: 'normal',
      kind: 'async',
      points: [
        [
          398,
          503,
        ],
        [
          488,
          516,
        ],
        [
          593,
          531,
        ],
        [
          679,
          543,
        ],
      ],
      labelBBox: {
        x: 2029,
        y: 267,
        width: 164,
        height: 18,
      },
      controlPoints: [
        {
          x: 1772,
          y: 347,
        },
      ],
      navigateTo: null,
      tags: null,
    },
  ],
  _layout: 'manual',
}
